// Jest Snapshot v1, https://goo.gl/fbAQLP

exports[`svelte-theme renders without error 1`] = `
<body>
  <div>
    <div />
  </div>
</body>
`;
